// Vitest Snapshot v1, https://vitest.dev/guide/snapshot.html

exports[`renders correctly 1`] = `
<DocumentFragment>
  <h1>
    Hello World
  </h1>
</DocumentFragment>
`;
